
Curso de NPM: Gesti√≥n de Paquetes y Dependencias en JavaScript (Platzi) (01-04-2023)

@@@@@@@@@@@@@@@@@@@@@@@@@@@@@@@@@@@@@@@@@@@@@@@@@@@@@@@@@@@@@@@@@@@@@@@@@@@@@@@@@@@@@@@@

Iniciamos el proyecto inicializando inicializando el repositorio de Git:
$ git init

Inicializar el proyecto:
$ npm init

Al final de proceso nos mostrar√° un resumen del 'package.json'
que se generar√° a partir de las instrucciones indicadas en el proceso:

"name": "npm-init" ‚Äî> Podemos ponerle un nombre sin embargo toma por defecto el de la carpeta.
"version": "1.0.0" ‚Äî> Podemos cambiar segun el caso, dependiendo un cambio mayor o uno menor
"description":"" ‚Äî> Podemos hacer una breve descripcion del proyecto.
"entry point": "(index.js)" ‚Äî> Punto de entrada del proyecto.
"test command": ‚Äî> Podemos incluir los comandos para validar nuestro codigo.
"git repository": ‚Äî> Podemos incluir el repositorio para mantenerlo en la nube
"keywords": ["javascript", "angular", "node"] ‚Äî> Que va a utilizar nuestro proyecto.
"author": "Ren√© Pa√±eda <renepa√±eda@gmail.com> ‚Äî> Persona que crea el proyecto
"license": "MIT" ‚Äî> Licencias, la mas utilizada es MIT, permite distribuir nuestro codigo.


About to write to C:\Proyectos2023\0008-npm-init\package.json:
{
  "name": "0008-npm-init",
  "version": "1.0.0",
  "description": "",
  "main": "index.js",
  "scripts": {
    "test": "echo \"Error: no test specified\" && exit 1"
  },
  "keywords": [
    "javascript",
    "angular",
    "node",
    "npm"
  ],
  "author": "Ren√© Pa√±eda",
  "license": "MIT"
}
Is this OK? (yes)


@@@@@@@@@@@@@@@@@@@@@@@@@@@@@@@@@@@@@@@@@@@@@@@@@@@@@@@@@@@@@@@@@@@@@@@@

Instalaci√≥n de dependencias:

$ npm install moment
added 1 package, and audited 2 packages in 5s

Esto lo que va a realizar es conectarse a este recurso que tiene NPM
para poder traer estos paquetes y agregarlos dentro de nuestro proyecto

A√±adimos otra dependencia con --save-dev 
que la va a guardar como una dependencia que solamente va a ser utilizada en el entorno de desarrollo.

$ npm install eslint --save-dev

O tambi√©n as√≠:
$ npm install eslint -D
added 97 packages, and audited 99 packages in 27s

Esto se conecta al servicio traer los recursos y los agrega al proyecto
y con esto tambi√©n nos muestra cu√°ntos paquetes fueron agregados

Para asegurarnos que el recurso estar√° disponible en el entorno de producci√≥n
podemos utilizar los siguientes flags:

$ npm install react -S
$ npm install react --save

Con la instalaci√≥n de los paquetes se han a√±adido modificaciones en nuestro fichero 'package.json':

... ... ... ... ... ...
"dependencies": {
	"moment": "^2.29.4",
    "react": "^18.2.0"
},
"devDependencies": {
    "eslint": "^8.37.0"
}

Nos movemos a la terminar para aprender a instalar paquetes globales
estos no est√°n ligados directamente a proyectos sino a nuestro sistema operativo 
con lo cual vamos a poder ejecutar diferentes tareas que sean independientes al proyecto que estemos trabajando
Por ejemplo:

$ npm install -g cowsay

una vez que se instala no se agrega ni modifica nada en nuestro proyecto
pero si podemos utilizar ahora el comando: cowsay

$ cowsay javascript

Para ver la lista de los paquetes que tengo instalados podemos ejecutar:
$ npm list

para ver los paquetes que se han agregado a este proyecto:

$ npm list
0008-npm-init@1.0.0 C:\Proyectos2023\0008-npm-init
‚îú‚îÄ‚îÄ eslint@8.37.0
‚îú‚îÄ‚îÄ moment@2.29.4
‚îî‚îÄ‚îÄ react@18.2.0

para ver un listado de los paquetes que tengo instalados de forma global:

$ npm list -g
 C:\Users\RenePa√±eda\AppData\Roaming\npm
‚îú‚îÄ‚îÄ ...
‚îú‚îÄ‚îÄ cowsay@1.5.0
‚îî‚îÄ‚îÄ npm@9.4.2


@@@@@@@@@@@@@@@@@@@@@@@@@@@@@@@@@@@@@@@@@@@@@@@@@@@@@@@@@@@@@@@@@@@@@@@@
Instalaci√≥n de dependencias de versiones espec√≠ficas.
Posibilidades:

#Instalar una dependencia opcional
$ npm install package-name -o 
Se pueden generar conflictos cuando se tienen paquetes que usan la misma dependencia pero en versiones diferentes.

Para evitar esto se puede simular una instalaci√≥n con: 
$ npm install package-name ‚Äîdry-run. 
Con esto se simula la instalaci√≥n pero sin agregar ning√∫n paquete, 
si no hay ning√∫n conflicto se procede a instalar de la manera convencional.

Instalar la versi√≥n especifica de un paquete:
$ npm install package-name@0.15.0 

Si luego se quiere instalar la versi√≥n m√°s reciente se usa:
$ npm install package-name@latest.

Instala solo las dependencias que est√©n dentro de un package.json
se utiliza cuando te descargas proyectos de repositorios en los que no se suben:
$ npm install


@@@@@@@@@@@@@@@@@@@@@@@@@@@@@@@@@@@@@@@@@@@@@@@@@@@@@@@@@@@@@@@@@@@@@@@@
Comandos NPM (Scrits)

Sobre nuestro proyecto, creamos una carpeta: src
$ mkdir src

Y a√±adimos un nuevo fichero: index.js
Y le a√±adimos por ejemplo:
console.log('Hola mundo!');

En nuestro 'package.json' tenemos la secci√≥n de 'scripts', actualmente con:

... ... ... ... ... ...
"scripts": {
	"test": "echo \"Error: no test specified\" && exit 1"
},

Para nuestro ejemplo crear√≠amos un nuevo script para ejecutar el c√≥digo
de ejemplo de nuestra aplicaci√≥n:
... ... ... ... ... ...
"scripts": {
	"start": "node src/index.js"
},

Y ahora nos movemos a la terminal, ex√°ctamente en la carpeta de nuestro proyecto
y ejecutamos el script que hemos creado en el paso anterior:

$ npm run start

> 0008-npm-init@1.0.0 start
> node src/index.js

Hola mundo!

Tambi√©n podemos hacer uso de los alias que trae node por defecto
y esto tambi√©n nos funcionar√≠a igual que la ejecuci√≥n anterior:

$ npm start

Podemos a√±adir nuevos scripts al 'package.json'
y dentro de la ejcuci√≥n concatenar tareas utilizando '&&'
Por ejemplo:

... ... ... ... ... ...
"scripts": {
	"start": "node src/index.js",
	"node": "node src/index.js && node src/index.js"
},

Si ahora ejecutamos:

$ npm run node

se ejecutar√° dos veces el mismo script
y el segundo se ejecutar√° en el momento en el que el primero haya terminado.
Y si falla la ejcuci√≥n del primero no se ejcutar√° el segundo.

$ npm run node

> 0008-npm-init@1.0.0 node
> node src/index.js && node src/index.js

Hola mundo!
Hola mundo!

Ahora vemos tambi√©n que:

+ NPM (M=Management)
+ NPX (X=Execute)

Vamos a entender un comando m√°s interesante que es npx.
npx de las siglas node package execute nos va a permitir a nosotros ejecutar acciones particulares
sin tener que pasar por la instalaci√≥n dentro de nuestro PC

Comandos con NPX
Node Package Execute, nos permite ejecutar acciones particulares sin instalarlos. 
Lo ejecutamos y realizamos una tarea en particular. 
Ejemplo:

npx create-react-app my-app


Para continuar con el curso, nos salimos de la carpeta de nuestro proyecto que abandonamos.


***************************************************************************************
Nota: Para subirlo a GitHub, creo el proyecto en GitHub
+Copio la ruta del proyecto y a√±ado el remoto:
$ git remote add remote-0008-npm-init https://github.com/RenegadeAsturias/0008-npm-init.git
***************************************************************************************

Ahora ejecutamos desde la consola el c√≥digo de ejemplo de npx
para crear una aplicaci√≥n React base.
Cuando termine la ejecuci√≥n nos sugiere seguir unas instrucciones
para inicializar la aplicaci√≥n:

$ npx create-react-app 0009-react-npm
$ cd 0009-react-npm
$ npm start

$ git remote add remote-0009-react-npm https://github.com/RenegadeAsturias/0009-react-npm.git

@@@@@@@@@@@@@@@@@@@@@@@@@@@@@@@@@@@@@@@@@@@@@@@@@@@@@@@@@@@@@@@@@@@@@@@@
Actualizaci√≥n de dependencias

Partimos de un proyecto de otro desarrollador ya existente que est√° subido en GitHub
Proyecto: GitHub - gndx/react-base: Minimal project in React + Babel + Webpack
copiamos la ruta y desde la consola lo clonamos:
$ git clone https://github.com/gndx/react-base 0010-react-base

Ahora para descargarnos todas las dependencias de este proyecto ejecutamos:
$ npm install

En el resumen muestra:
23 vulnerabilities (2 low, 1 moderate, 16 high, 4 critical)

Pra visualizar las dependencias de nuestro proyecto, ejecutamos:
$ mpm list 

Para visualizar las dependencias que tienen mejoras, ejecutamos:
$ npm outdate

Package                          Current  Wanted  Latest  Location                                      Depended by
... ... ... ... ... ... ... ... ... ... ... ... ... ... ... ... ... ... ... ... ... ... ... ... ... ... ... ... ... ... 
react                             17.0.2  17.0.2  18.2.0  node_modules/react                            0010-react-base
react-dom                         17.0.2  17.0.2  18.2.0  node_modules/react-dom                        0010-react-base


Como vimos anteriormente, para actualizar una librer√≠a a la versi√≥n m√°s reciente, ejecutamos:
$ npm install react@latest

npm WARN Could not resolve dependency:
npm WARN peer react@"17.0.2" from react-dom@17.0.2
npm WARN node_modules/react-dom
npm WARN 	react-dom@"17.0.2" from the root project

Ahora vamos a tener mensajes de error
esto significa que es muy probable que haya otras dependencias que tambi√©n requieren
ser actualizadas antes de actualizar √©sta porque est√°n teniendo un conflicto con las dependencias 
que se requieren a s√≠ misma y esto es algo muy com√∫n que vamos a poder ver aqu√≠
como tambi√©n podemos ver que react-dom debe ser actualizada a esta misma versi√≥n
en este caso comparten el mismo versionado

Para solucionarlo, de momento, ejecutamos:
$ npm install react-dom@latest

Se solucion√≥ el problema, pero a√∫n no hemos resuelto las vulnerabilidades:
changed 2 packages, and audited 992 packages in 12s

23 vulnerabilities (2 low, 1 moderate, 16 high, 4 critical)

Ahora veremos como arreglar este problema y como instalar las dependencia a d√≠a de hoy


@@@@@@@@@@@@@@@@@@@@@@@@@@@@@@@@@@@@@@@@@@@@@@@@@@@@@@@@@@@@@@@@@@@@@@@@
Seguridad y soluci√≥n de problemas

Para ver con m√°s detalle los problemas que tenemos que solucionar podemos ejecutar:

$ npm audit

Por ejemplo para uno de los casos 'critical' que tenemos esta ser√≠a la descripci√≥n:

url-parse  <=1.5.8
Severity: critical
Incorrect hostname / protocol due to unstripped leading control characters. - https://github.com/advisories/GHSA-jf5r-8hm2-f872
Incorrect returned href via an '@' sign but no user info and hostname - https://github.com/advisories/GHSA-8v38-pw62-9cw2
Authorization bypass in url-parse - https://github.com/advisories/GHSA-rqff-837h-mm52
Authorization Bypass Through User-Controlled Key in url-parse - https://github.com/advisories/GHSA-hgjh-723h-mx2j
fix available via `npm audit fix`
node_modules/url-parse


Para ver con m√°s detalle a√∫n la descripci√≥n de los problemas
Y nos devolver√° la informaci√≥n en formato JSON podemos ejecutar:

$ npm audit --json

Vamos a ejecutar la sugerencia de la ejecuci√≥n anterior:

$ npm audit fix

Con la ejecuci√≥n se han arreglado parte de los problemas de seguridad:
> 7 vulnerabilities (1 low, 6 high)

To address all issues, run:
  npm audit fix --force

Y ahora vamos a ejecutar la sugerencia de la ejecuci√≥n anterior:

$ npm audit fix --force

Con la ejecuci√≥n se han arreglado m√°s problemas de seguridad:
> 5 vulnerabilities (1 low, 4 high)

Vemos que principalmente los errores vienen de la librer√≠a webpack
primero listamos las librer√≠as instaladas con:

$ npm list

‚îú‚îÄ‚îÄ webpack-cli@4.7.2
‚îú‚îÄ‚îÄ webpack-dev-server@3.11.3
‚îî‚îÄ‚îÄ webpack@5.77.0

Vamos intentar actualizar esta librer√≠a a la √∫ltima versi√≥n:

$ npm install webpack@latest
$ npm install webpack-cli@latest
$ npm install webpack-dev-server@latest

Parece que con esto se solucionaron todos los problemas:

> found 0 vulnerabilities

Y ahora repasamos de nuevo las librer√≠as instaladas:

$ npm list

‚îú‚îÄ‚îÄ webpack-cli@5.0.1
‚îú‚îÄ‚îÄ webpack-dev-server@4.13.2
‚îî‚îÄ‚îÄ webpack@5.77.0

Si ejecutamos de nuevo la auditor√≠a confirmamos que todo qued√≥ solucionado:

$ npm audit
> found 0 vulnerabilities


npm audit --> Audita las dependencias que tenemos instaladas en busca de vulnerabilidades.
npm audit fix --> Audita e intenta arreglar las vulnerabilidades de nuestras dependencias.
npm audit --json --> Muestra los resultados de la auditor√≠a de manera m√°s profunda en formato json.
npm audit fix --force --> Corrige los problemas encontrados en las librer√≠as instalando otras dependencias por debajo si es necesario.


@@@@@@@@@@@@@@@@@@@@@@@@@@@@@@@@@@@@@@@@@@@@@@@@@@@@@@@@@@@@@@@@@@@@@@@@
Eliminaci√≥n de dependencias y Package lock

Para desistalar una dependencia previamente instalada ejecutamos:

$ npm uninstall webpack-dev-server

removed 164 packages, and audited 626 packages in 13s
100 packages are looking for funding
  run `npm fund` for details
found 0 vulnerabilities


Otra forma disponible tambi√©n es borrar en el listado de dependencias
de nuestro fichero 'package.json'
Y una vez borrada ejeucutamos lo siguiente:

$ rm -rf node_modules -> Para borrar todas las librer√≠as instaladas
$ npm install -> Para instalar de nuevo todas las dependencias que necesitamos 


Para compilar nuestro proyecto, debemos ejeuctar:

$ npm run build -> Nos mostrar√° el resultado de la compilaci√≥n
$ npm run build --dd -> Nos mostrar√° el resultado de la compilaci√≥n en modo verbose


Otro comando interesante que podemos ejecutar para ver librer√≠as deprecadas
y la informaci√≥n de auditor√≠a es:

$ npm ci

npm WARN deprecated urix@0.1.0: Please see https://github.com/lydell/urix#deprecated
npm WARN deprecated resolve-url@0.2.1: https://github.com/lydell/resolve-url#deprecated
npm WARN deprecated babel-eslint@10.1.0: babel-eslint is now @babel/eslint-parser. This package will no longer receive updates.

added 625 packages, and audited 626 packages in 2m

100 packages are looking for funding
  run `npm fund` for details

found 0 vulnerabilities


El fichero 'package.lock'

Se crear√° cuando instalemos alg√∫n paquete o con la instalaci√≥n de nuestras dependencias
y lo √∫nico que va a contener es la historia completa de todos los dependencias
y las ramas de la misma que dependan as√≠ mismo y de esta forma podr√°s tener todo muy bien organizado.


@@@@@@@@@@@@@@@@@@@@@@@@@@@@@@@@@@@@@@@@@@@@@@@@@@@@@@@@@@@@@@@@@@@@@@@@
Crear un paquete

Vamos a crear un paquete que vamos a publicar en el listado de npm.

Desde el buscador de npm nos permite ver cada uno de los paquetes que tiene.
En este caso vamos a poder buscar por alg√∫n paquete popular como react y ver que encontraremos
una gran cantidad de paquetes particularmente el que buscamos as√≠ como tambi√©n algunos variantes
o que tambi√©n son mejoras sobre este mismo de esta forma
lo que queremos lograr es crear un paquete el cual nosotros podamos publicar y mantener
y de esta forma en traer este ecosistema de compartir paquetes con la gran comunidad
que tiene NPN as√≠ que lo primero que tenemos que hacer es crear un proyecto
el cual vamos a trabajar con una herramienta que nos va a permitir mostrar mensajes de forma aleatoria
en la terminal as√≠ de esta forma instalaremos un paquete global
por lo tanto lo primero que voy a hacer es venir a mi GitHub

Cuando voy a crear un nuevo repositorio en GitHub 
este nuevo repositorio tiene que coincidir el nombre con el paquete que yo voy a crear
y tambi√©n previamente debemos de hacer una b√∫squeda para no encontrar alg√∫n paquete existente
que tenga este mismo nombre esto es muy importante ya que si no vamos a tener un conflicto
a la hora de publicar nuestro paquete

Por ejemplo, buscamos desde el buscador de npm un paquete que se llame:
> random-str-msg
y no aparece ninguno

Y ahora creamos en GitHub un repositorio con ese mismo nombre: random-str-msg

Y desde nuestra terminal, clonamos el proyecto creado:

$ git clone https://github.com/gndx/random-str-msg.git

Entramos en la carpeta del proyecto clonado: 
$ cd random-str-msg

Y ahora inicializamos nuestro proyecto npm con:
$ npm init -y (con el flag -y utilizaremos la configuraci√≥n por defeecto).

Creamos un nuevo fichero donde ir√° el c√≥digo del proyecto en:
> src > index.js

Y tambi√©n creamos una nueva carpeta y un nuevo fichero desde donde llamaremos
a la funci√≥n que creamos en el 'index.js'
> bin > global.js

Adem√°s a√±adiremos en nuesto fichero: 'package.json'
una nueva secci√≥n:
	... ... ... ... ... ...
	"homepage": "..................",
	"bin": {
		"random-str-msg": "./bin/global.js",
	},
	"preferGlobal": true
}


@@@@@@@@@@@@@@@@@@@@@@@@@@@@@@@@@@@@@@@@@@@@@@@@@@@@@@@@@@@@@@@@@@@@@@@@
Publicar un paquete

Ahora vamos a probar que nuestro paquete cumple con las caracter√≠sticas y que funciona
desde la terminal y en la carperta del proyecto ejecutamos:

Ejecutamos:
$ npm link

up to date, audited 3 packages in 1s
found 0 vulnerabilities

lo cual crea un enlace simb√≥lico para poder reconocer a este paquete
dentro del listado de paquetes que tienen NPM sin publicarlo todav√≠a.
De esta forma podemos probarlo y garantizar que cumple con lo que deseamos
o con lo que debe de hacer este paquete. Ejecutamos:

Si no tiene vulnerabilidades y ya tenemos un nuevo paquete listo para ser integrado 
a este listado de paquetes que tiene NPM

Primeramente vamos a localizar el paquete en el entorno local, ejecutamos:

$ pwd
/c/Proyectos2023/mensaje-aleatorio-rene

A√∫n no tenemos publicado este paquete y vamos a hacer una simulaci√≥n de la instalaci√≥n para poderlo probar.

Y ahora instalamos de forma global nuestro paquete creado ejecutando:

$ npm install g /c/Proyectos2023/mensaje-aleatorio-rene
added 1 package, and audited 2 packages in 2s
found 0 vulnerabilities

Ahora para probar el nuevo paquete ejecutamos:
$ mensaje-aleatorio-rene

Y se nos mostrar√°n mensajes aleatorios cada vez que lo ejecutemos.

Una vez que hemos comprobado que nuestro paquete funciona ya lo podemos publicar.
As√≠ que para ello necesitamos previamente crearnos una cuenta en NPM.
E iniciamos la sesi√≥n en la consola para poder publicar el paquete.
Introducimos usuario y contrase√±a para iniciar la sesi√≥n.

Y ahora para publicar nuestro paquete, ejecutamos:
$ npm publish


$ npm publish
npm notice
npm notice üì¶  mensaje-aleatorio-rene@1.0.0
npm notice === Tarball Contents ===
npm notice 87B  bin/global.js
npm notice 354B package.json
npm notice 673B src/index.js
npm notice === Tarball Details ===
npm notice name:          mensaje-aleatorio-rene
npm notice version:       1.0.0
npm notice filename:      mensaje-aleatorio-rene-1.0.0.tgz
npm notice package size:  793 B
npm notice unpacked size: 1.1 kB
npm notice shasum:        668987a4594442c48aed08517bee918be9d342bf
npm notice integrity:     sha512-3tSKYNQ8au1Dt[...]0F6QKHMe8GyEQ==
npm notice total files:   3
npm notice
npm notice Publishing to https://registry.npmjs.org/ with tag latest and default access
+ mensaje-aleatorio-rene@1.0.0


Resumen publicar un paquete:
(1) npm link crea un enlace para reconocer el paquete sin publicarlo. el paquete quedar√° listo para ser testeado.
(2) pwd comando para obtener la ruta donde se ecuentra el paquete
(3) npm install g /ruta/obtenidacon/pwd as√≠ instalaremos el paquete en nuestro sistema de forma global para utilizar nuestro comando
(4) random-str-msg con este comando se ejecutar√° el algortimo de nuestro paquete.

Crear cuenta en npm:
(1) Creamos una cuenta en npm
(2) ingresamos a nuestra cuenta en consola
(2.1) npm adduser comando para iniciar sesi√≥n
(2.2) npm publish publicar√° nuestro paquete
(3) Ahora en npm podremos validar si ya est√° subido nuestro paquete.


@@@@@@@@@@@@@@@@@@@@@@@@@@@@@@@@@@@@@@@@@@@@@@@@@@@@@@@@@@@@@@@@@@@@@@@@
Versionado de paquetes y paquetes privados

ya tenemos nuestro paquete publicado ahora lo que tenemos que hacer es actualizarlo 
y cambiar la versi√≥n de una forma autom√°tica y volverlo a publicar.

A√±adimos al proyecto un README.txt con la descripci√≥n del proyecto.

Y una vez terminado, subimos todos los cambios a GitHub.

git add .
git commit -m "A√±adimos un README.txt con la descripci√≥n del proyecto"
git remote add origin https://github.com/RenegadeAsturias/mensaje-aleatorio-rene.git
git push origin master

Ahora ya puedo hacer un cambio de versi√≥n que me permita decirle a NPM
que tenemos una nueva versi√≥n p√∫blicada. Ejecutamos:

$ npm version 1.1.0
$ npm publish

